// Jest Snapshot v1, https://goo.gl/fbAQLP

exports[`Upload tests Should render upload component 1`] = `
Object {
  "asFragment": [Function],
  "baseElement": <body>
    <div>
      <div
        class="MuiGrid-root makeStyles-root-1 MuiGrid-container MuiGrid-direction-xs-column MuiGrid-align-items-xs-center MuiGrid-justify-xs-center"
      >
        <div
          class="MuiGrid-root MuiGrid-item"
        >
          <div
            class="MuiPaper-root makeStyles-paper-2 MuiPaper-elevation1 MuiPaper-rounded"
          >
            <div
              class="MuiContainer-root MuiContainer-maxWidthSm"
            >
              <div
                class="MuiGrid-root makeStyles-nav-3 MuiGrid-item"
              >
                <a
                  href="/"
                  title="Dashboard"
                >
                  <svg
                    aria-hidden="true"
                    class="MuiSvgIcon-root makeStyles-nav-3 MuiSvgIcon-colorPrimary MuiSvgIcon-fontSizeLarge"
                    focusable="false"
                    viewBox="0 0 24 24"
                  >
                    <path
                      d="M19 11H7.83l4.88-4.88c.39-.39.39-1.03 0-1.42a.9959.9959 0 00-1.41 0l-6.59 6.59c-.39.39-.39 1.02 0 1.41l6.59 6.59c.39.39 1.02.39 1.41 0 .39-.39.39-1.02 0-1.41L7.83 13H19c.55 0 1-.45 1-1s-.45-1-1-1z"
                    />
                  </svg>
                </a>
              </div>
              <div
                class="MuiGrid-root MuiGrid-item"
              >
                <div
                  class="MuiFormControl-root makeStyles-formControl-5"
                >
                  <label
                    class="MuiFormLabel-root MuiInputLabel-root makeStyles-inputSelect-4 MuiInputLabel-formControl MuiInputLabel-animated MuiInputLabel-shrink MuiFormLabel-filled Mui-required Mui-required"
                    data-shrink="true"
                    id="input-file-label"
                  >
                    Select File
                    <span
                      aria-hidden="true"
                      class="MuiFormLabel-asterisk MuiInputLabel-asterisk"
                    >
                       
                      *
                    </span>
                  </label>
                  <div
                    class="MuiInputBase-root MuiInput-root MuiInput-underline makeStyles-inputSelect-4 MuiInputBase-formControl MuiInput-formControl"
                  >
                    <div
                      aria-haspopup="listbox"
                      aria-labelledby="input-file-label select-label"
                      class="MuiSelect-root MuiSelect-select MuiSelect-selectMenu MuiInputBase-input MuiInput-input"
                      id="select-label"
                      role="button"
                      tabindex="0"
                    >
                      Client Workbook
                    </div>
                    <input
                      type="hidden"
                      value="0"
                    />
                    <svg
                      aria-hidden="true"
                      class="MuiSvgIcon-root MuiSelect-icon"
                      focusable="false"
                      viewBox="0 0 24 24"
                    >
                      <path
                        d="M7 10l5 5 5-5z"
                      />
                    </svg>
                  </div>
                </div>
              </div>
              <div
                class="MuiGrid-root MuiGrid-item"
              >
                <div
                  class="MuiFormControl-root makeStyles-formControl-5"
                >
                  <input
                    accept=".xlsx,.xls,application/vnd.ms-excel,application/vnd.openxmlformats-officedocument.spreadsheetml.sheet"
                    class="makeStyles-inputDisplay-10"
                    id="contained-button-file"
                    type="file"
                  />
                  <label
                    class="makeStyles-fileInput-7"
                    for="contained-button-file"
                    title="Choose File"
                  >
                    <div
                      aria-disabled="false"
                      class="MuiButtonBase-root MuiButton-root MuiButton-outlined makeStyles-inputOverflow-8 MuiButton-outlinedPrimary"
                      role="button"
                      tabindex="0"
                    >
                      <span
                        class="MuiButton-label"
                      >
                        <div
                          class="makeStyles-inputOverflow-8"
                        >
                          Choose File
                        </div>
                      </span>
                      <span
                        class="MuiTouchRipple-root"
                      />
                    </div>
                  </label>
                  <p
                    class="MuiFormHelperText-root"
                  >
                    Required
                  </p>
                </div>
              </div>
              <div
                class="MuiGrid-root MuiGrid-item"
              >
                <div
                  class="MuiFormControl-root makeStyles-formControl-5"
                >
                  <span
                    aria-disabled="false"
                    class="MuiButtonBase-root MuiButton-root MuiButton-contained makeStyles-themeButton-11 MuiButton-containedPrimary"
                    role="button"
                    tabindex="0"
                  >
                    <span
                      class="MuiButton-label"
                    >
                      Btn.Upload
                    </span>
                    <span
                      class="MuiTouchRipple-root"
                    />
                  </span>
                </div>
              </div>
              <div
                class="MuiGrid-root MuiGrid-item"
              />
              <div
                class="MuiGrid-root MuiGrid-item"
              />
            </div>
          </div>
        </div>
      </div>
    </div>
  </body>,
  "container": <div>
    <div
      class="MuiGrid-root makeStyles-root-1 MuiGrid-container MuiGrid-direction-xs-column MuiGrid-align-items-xs-center MuiGrid-justify-xs-center"
    >
      <div
        class="MuiGrid-root MuiGrid-item"
      >
        <div
          class="MuiPaper-root makeStyles-paper-2 MuiPaper-elevation1 MuiPaper-rounded"
        >
          <div
            class="MuiContainer-root MuiContainer-maxWidthSm"
          >
            <div
              class="MuiGrid-root makeStyles-nav-3 MuiGrid-item"
            >
              <a
                href="/"
                title="Dashboard"
              >
                <svg
                  aria-hidden="true"
                  class="MuiSvgIcon-root makeStyles-nav-3 MuiSvgIcon-colorPrimary MuiSvgIcon-fontSizeLarge"
                  focusable="false"
                  viewBox="0 0 24 24"
                >
                  <path
                    d="M19 11H7.83l4.88-4.88c.39-.39.39-1.03 0-1.42a.9959.9959 0 00-1.41 0l-6.59 6.59c-.39.39-.39 1.02 0 1.41l6.59 6.59c.39.39 1.02.39 1.41 0 .39-.39.39-1.02 0-1.41L7.83 13H19c.55 0 1-.45 1-1s-.45-1-1-1z"
                  />
                </svg>
              </a>
            </div>
            <div
              class="MuiGrid-root MuiGrid-item"
            >
              <div
                class="MuiFormControl-root makeStyles-formControl-5"
              >
                <label
                  class="MuiFormLabel-root MuiInputLabel-root makeStyles-inputSelect-4 MuiInputLabel-formControl MuiInputLabel-animated MuiInputLabel-shrink MuiFormLabel-filled Mui-required Mui-required"
                  data-shrink="true"
                  id="input-file-label"
                >
                  Select File
                  <span
                    aria-hidden="true"
                    class="MuiFormLabel-asterisk MuiInputLabel-asterisk"
                  >
                     
                    *
                  </span>
                </label>
                <div
                  class="MuiInputBase-root MuiInput-root MuiInput-underline makeStyles-inputSelect-4 MuiInputBase-formControl MuiInput-formControl"
                >
                  <div
                    aria-haspopup="listbox"
                    aria-labelledby="input-file-label select-label"
                    class="MuiSelect-root MuiSelect-select MuiSelect-selectMenu MuiInputBase-input MuiInput-input"
                    id="select-label"
                    role="button"
                    tabindex="0"
                  >
                    Client Workbook
                  </div>
                  <input
                    type="hidden"
                    value="0"
                  />
                  <svg
                    aria-hidden="true"
                    class="MuiSvgIcon-root MuiSelect-icon"
                    focusable="false"
                    viewBox="0 0 24 24"
                  >
                    <path
                      d="M7 10l5 5 5-5z"
                    />
                  </svg>
                </div>
              </div>
            </div>
            <div
              class="MuiGrid-root MuiGrid-item"
            >
              <div
                class="MuiFormControl-root makeStyles-formControl-5"
              >
                <input
                  accept=".xlsx,.xls,application/vnd.ms-excel,application/vnd.openxmlformats-officedocument.spreadsheetml.sheet"
                  class="makeStyles-inputDisplay-10"
                  id="contained-button-file"
                  type="file"
                />
                <label
                  class="makeStyles-fileInput-7"
                  for="contained-button-file"
                  title="Choose File"
                >
                  <div
                    aria-disabled="false"
                    class="MuiButtonBase-root MuiButton-root MuiButton-outlined makeStyles-inputOverflow-8 MuiButton-outlinedPrimary"
                    role="button"
                    tabindex="0"
                  >
                    <span
                      class="MuiButton-label"
                    >
                      <div
                        class="makeStyles-inputOverflow-8"
                      >
                        Choose File
                      </div>
                    </span>
                    <span
                      class="MuiTouchRipple-root"
                    />
                  </div>
                </label>
                <p
                  class="MuiFormHelperText-root"
                >
                  Required
                </p>
              </div>
            </div>
            <div
              class="MuiGrid-root MuiGrid-item"
            >
              <div
                class="MuiFormControl-root makeStyles-formControl-5"
              >
                <span
                  aria-disabled="false"
                  class="MuiButtonBase-root MuiButton-root MuiButton-contained makeStyles-themeButton-11 MuiButton-containedPrimary"
                  role="button"
                  tabindex="0"
                >
                  <span
                    class="MuiButton-label"
                  >
                    Btn.Upload
                  </span>
                  <span
                    class="MuiTouchRipple-root"
                  />
                </span>
              </div>
            </div>
            <div
              class="MuiGrid-root MuiGrid-item"
            />
            <div
              class="MuiGrid-root MuiGrid-item"
            />
          </div>
        </div>
      </div>
    </div>
  </div>,
  "debug": [Function],
  "findAllByAltText": [Function],
  "findAllByDisplayValue": [Function],
  "findAllByLabelText": [Function],
  "findAllByPlaceholderText": [Function],
  "findAllByRole": [Function],
  "findAllByTestId": [Function],
  "findAllByText": [Function],
  "findAllByTitle": [Function],
  "findByAltText": [Function],
  "findByDisplayValue": [Function],
  "findByLabelText": [Function],
  "findByPlaceholderText": [Function],
  "findByRole": [Function],
  "findByTestId": [Function],
  "findByText": [Function],
  "findByTitle": [Function],
  "getAllByAltText": [Function],
  "getAllByDisplayValue": [Function],
  "getAllByLabelText": [Function],
  "getAllByPlaceholderText": [Function],
  "getAllByRole": [Function],
  "getAllByTestId": [Function],
  "getAllByText": [Function],
  "getAllByTitle": [Function],
  "getByAltText": [Function],
  "getByDisplayValue": [Function],
  "getByLabelText": [Function],
  "getByPlaceholderText": [Function],
  "getByRole": [Function],
  "getByTestId": [Function],
  "getByText": [Function],
  "getByTitle": [Function],
  "queryAllByAltText": [Function],
  "queryAllByDisplayValue": [Function],
  "queryAllByLabelText": [Function],
  "queryAllByPlaceholderText": [Function],
  "queryAllByRole": [Function],
  "queryAllByTestId": [Function],
  "queryAllByText": [Function],
  "queryAllByTitle": [Function],
  "queryByAltText": [Function],
  "queryByDisplayValue": [Function],
  "queryByLabelText": [Function],
  "queryByPlaceholderText": [Function],
  "queryByRole": [Function],
  "queryByTestId": [Function],
  "queryByText": [Function],
  "queryByTitle": [Function],
  "rerender": [Function],
  "unmount": [Function],
}
`;

exports[`Upload tests should display a blank form 1`] = `
Object {
  "asFragment": [Function],
  "baseElement": <body>
    <div>
      <div
        class="MuiGrid-root makeStyles-root-1 MuiGrid-container MuiGrid-direction-xs-column MuiGrid-align-items-xs-center MuiGrid-justify-xs-center"
      >
        <div
          class="MuiGrid-root MuiGrid-item"
        >
          <div
            class="MuiPaper-root makeStyles-paper-2 MuiPaper-elevation1 MuiPaper-rounded"
          >
            <div
              class="MuiContainer-root MuiContainer-maxWidthSm"
            >
              <div
                class="MuiGrid-root makeStyles-nav-3 MuiGrid-item"
              >
                <a
                  href="/"
                  title="Dashboard"
                >
                  <svg
                    aria-hidden="true"
                    class="MuiSvgIcon-root makeStyles-nav-3 MuiSvgIcon-colorPrimary MuiSvgIcon-fontSizeLarge"
                    focusable="false"
                    viewBox="0 0 24 24"
                  >
                    <path
                      d="M19 11H7.83l4.88-4.88c.39-.39.39-1.03 0-1.42a.9959.9959 0 00-1.41 0l-6.59 6.59c-.39.39-.39 1.02 0 1.41l6.59 6.59c.39.39 1.02.39 1.41 0 .39-.39.39-1.02 0-1.41L7.83 13H19c.55 0 1-.45 1-1s-.45-1-1-1z"
                    />
                  </svg>
                </a>
              </div>
              <div
                class="MuiGrid-root MuiGrid-item"
              >
                <div
                  class="MuiFormControl-root makeStyles-formControl-5"
                >
                  <label
                    class="MuiFormLabel-root MuiInputLabel-root makeStyles-inputSelect-4 MuiInputLabel-formControl MuiInputLabel-animated MuiInputLabel-shrink MuiFormLabel-filled Mui-required Mui-required"
                    data-shrink="true"
                    id="input-file-label"
                  >
                    Select File
                    <span
                      aria-hidden="true"
                      class="MuiFormLabel-asterisk MuiInputLabel-asterisk"
                    >
                       
                      *
                    </span>
                  </label>
                  <div
                    class="MuiInputBase-root MuiInput-root MuiInput-underline makeStyles-inputSelect-4 MuiInputBase-formControl MuiInput-formControl"
                  >
                    <div
                      aria-haspopup="listbox"
                      aria-labelledby="input-file-label select-label"
                      class="MuiSelect-root MuiSelect-select MuiSelect-selectMenu MuiInputBase-input MuiInput-input"
                      id="select-label"
                      role="button"
                      tabindex="0"
                    >
                      Client Workbook
                    </div>
                    <input
                      type="hidden"
                      value="0"
                    />
                    <svg
                      aria-hidden="true"
                      class="MuiSvgIcon-root MuiSelect-icon"
                      focusable="false"
                      viewBox="0 0 24 24"
                    >
                      <path
                        d="M7 10l5 5 5-5z"
                      />
                    </svg>
                  </div>
                </div>
              </div>
              <div
                class="MuiGrid-root MuiGrid-item"
              >
                <div
                  class="MuiFormControl-root makeStyles-formControl-5"
                >
                  <input
                    accept=".xlsx,.xls,application/vnd.ms-excel,application/vnd.openxmlformats-officedocument.spreadsheetml.sheet"
                    class="makeStyles-inputDisplay-10"
                    id="contained-button-file"
                    type="file"
                  />
                  <label
                    class="makeStyles-fileInput-7"
                    for="contained-button-file"
                    title="Choose File"
                  >
                    <div
                      aria-disabled="false"
                      class="MuiButtonBase-root MuiButton-root MuiButton-outlined makeStyles-inputOverflow-8 MuiButton-outlinedPrimary"
                      role="button"
                      tabindex="0"
                    >
                      <span
                        class="MuiButton-label"
                      >
                        <div
                          class="makeStyles-inputOverflow-8"
                        >
                          Choose File
                        </div>
                      </span>
                      <span
                        class="MuiTouchRipple-root"
                      />
                    </div>
                  </label>
                  <p
                    class="MuiFormHelperText-root"
                  >
                    Required
                  </p>
                </div>
              </div>
              <div
                class="MuiGrid-root MuiGrid-item"
              >
                <div
                  class="MuiFormControl-root makeStyles-formControl-5"
                >
                  <span
                    aria-disabled="false"
                    class="MuiButtonBase-root MuiButton-root MuiButton-contained makeStyles-themeButton-11 MuiButton-containedPrimary"
                    role="button"
                    tabindex="0"
                  >
                    <span
                      class="MuiButton-label"
                    >
                      Btn.Upload
                    </span>
                    <span
                      class="MuiTouchRipple-root"
                    />
                  </span>
                </div>
              </div>
              <div
                class="MuiGrid-root MuiGrid-item"
              />
              <div
                class="MuiGrid-root MuiGrid-item"
              />
            </div>
          </div>
        </div>
      </div>
    </div>
  </body>,
  "container": <div>
    <div
      class="MuiGrid-root makeStyles-root-1 MuiGrid-container MuiGrid-direction-xs-column MuiGrid-align-items-xs-center MuiGrid-justify-xs-center"
    >
      <div
        class="MuiGrid-root MuiGrid-item"
      >
        <div
          class="MuiPaper-root makeStyles-paper-2 MuiPaper-elevation1 MuiPaper-rounded"
        >
          <div
            class="MuiContainer-root MuiContainer-maxWidthSm"
          >
            <div
              class="MuiGrid-root makeStyles-nav-3 MuiGrid-item"
            >
              <a
                href="/"
                title="Dashboard"
              >
                <svg
                  aria-hidden="true"
                  class="MuiSvgIcon-root makeStyles-nav-3 MuiSvgIcon-colorPrimary MuiSvgIcon-fontSizeLarge"
                  focusable="false"
                  viewBox="0 0 24 24"
                >
                  <path
                    d="M19 11H7.83l4.88-4.88c.39-.39.39-1.03 0-1.42a.9959.9959 0 00-1.41 0l-6.59 6.59c-.39.39-.39 1.02 0 1.41l6.59 6.59c.39.39 1.02.39 1.41 0 .39-.39.39-1.02 0-1.41L7.83 13H19c.55 0 1-.45 1-1s-.45-1-1-1z"
                  />
                </svg>
              </a>
            </div>
            <div
              class="MuiGrid-root MuiGrid-item"
            >
              <div
                class="MuiFormControl-root makeStyles-formControl-5"
              >
                <label
                  class="MuiFormLabel-root MuiInputLabel-root makeStyles-inputSelect-4 MuiInputLabel-formControl MuiInputLabel-animated MuiInputLabel-shrink MuiFormLabel-filled Mui-required Mui-required"
                  data-shrink="true"
                  id="input-file-label"
                >
                  Select File
                  <span
                    aria-hidden="true"
                    class="MuiFormLabel-asterisk MuiInputLabel-asterisk"
                  >
                     
                    *
                  </span>
                </label>
                <div
                  class="MuiInputBase-root MuiInput-root MuiInput-underline makeStyles-inputSelect-4 MuiInputBase-formControl MuiInput-formControl"
                >
                  <div
                    aria-haspopup="listbox"
                    aria-labelledby="input-file-label select-label"
                    class="MuiSelect-root MuiSelect-select MuiSelect-selectMenu MuiInputBase-input MuiInput-input"
                    id="select-label"
                    role="button"
                    tabindex="0"
                  >
                    Client Workbook
                  </div>
                  <input
                    type="hidden"
                    value="0"
                  />
                  <svg
                    aria-hidden="true"
                    class="MuiSvgIcon-root MuiSelect-icon"
                    focusable="false"
                    viewBox="0 0 24 24"
                  >
                    <path
                      d="M7 10l5 5 5-5z"
                    />
                  </svg>
                </div>
              </div>
            </div>
            <div
              class="MuiGrid-root MuiGrid-item"
            >
              <div
                class="MuiFormControl-root makeStyles-formControl-5"
              >
                <input
                  accept=".xlsx,.xls,application/vnd.ms-excel,application/vnd.openxmlformats-officedocument.spreadsheetml.sheet"
                  class="makeStyles-inputDisplay-10"
                  id="contained-button-file"
                  type="file"
                />
                <label
                  class="makeStyles-fileInput-7"
                  for="contained-button-file"
                  title="Choose File"
                >
                  <div
                    aria-disabled="false"
                    class="MuiButtonBase-root MuiButton-root MuiButton-outlined makeStyles-inputOverflow-8 MuiButton-outlinedPrimary"
                    role="button"
                    tabindex="0"
                  >
                    <span
                      class="MuiButton-label"
                    >
                      <div
                        class="makeStyles-inputOverflow-8"
                      >
                        Choose File
                      </div>
                    </span>
                    <span
                      class="MuiTouchRipple-root"
                    />
                  </div>
                </label>
                <p
                  class="MuiFormHelperText-root"
                >
                  Required
                </p>
              </div>
            </div>
            <div
              class="MuiGrid-root MuiGrid-item"
            >
              <div
                class="MuiFormControl-root makeStyles-formControl-5"
              >
                <span
                  aria-disabled="false"
                  class="MuiButtonBase-root MuiButton-root MuiButton-contained makeStyles-themeButton-11 MuiButton-containedPrimary"
                  role="button"
                  tabindex="0"
                >
                  <span
                    class="MuiButton-label"
                  >
                    Btn.Upload
                  </span>
                  <span
                    class="MuiTouchRipple-root"
                  />
                </span>
              </div>
            </div>
            <div
              class="MuiGrid-root MuiGrid-item"
            />
            <div
              class="MuiGrid-root MuiGrid-item"
            />
          </div>
        </div>
      </div>
    </div>
  </div>,
  "debug": [Function],
  "findAllByAltText": [Function],
  "findAllByDisplayValue": [Function],
  "findAllByLabelText": [Function],
  "findAllByPlaceholderText": [Function],
  "findAllByRole": [Function],
  "findAllByTestId": [Function],
  "findAllByText": [Function],
  "findAllByTitle": [Function],
  "findByAltText": [Function],
  "findByDisplayValue": [Function],
  "findByLabelText": [Function],
  "findByPlaceholderText": [Function],
  "findByRole": [Function],
  "findByTestId": [Function],
  "findByText": [Function],
  "findByTitle": [Function],
  "getAllByAltText": [Function],
  "getAllByDisplayValue": [Function],
  "getAllByLabelText": [Function],
  "getAllByPlaceholderText": [Function],
  "getAllByRole": [Function],
  "getAllByTestId": [Function],
  "getAllByText": [Function],
  "getAllByTitle": [Function],
  "getByAltText": [Function],
  "getByDisplayValue": [Function],
  "getByLabelText": [Function],
  "getByPlaceholderText": [Function],
  "getByRole": [Function],
  "getByTestId": [Function],
  "getByText": [Function],
  "getByTitle": [Function],
  "queryAllByAltText": [Function],
  "queryAllByDisplayValue": [Function],
  "queryAllByLabelText": [Function],
  "queryAllByPlaceholderText": [Function],
  "queryAllByRole": [Function],
  "queryAllByTestId": [Function],
  "queryAllByText": [Function],
  "queryAllByTitle": [Function],
  "queryByAltText": [Function],
  "queryByDisplayValue": [Function],
  "queryByLabelText": [Function],
  "queryByPlaceholderText": [Function],
  "queryByRole": [Function],
  "queryByTestId": [Function],
  "queryByText": [Function],
  "queryByTitle": [Function],
  "rerender": [Function],
  "unmount": [Function],
}
`;
